- example with servers and vars. missing variable scheme.
